// Jest Snapshot v1, https://goo.gl/fbAQLP

exports[`Should render expense list item 1`] = `
<div>
  <h2>
    <Link
      to="/edit/1"
    >
      Gum
    </Link>
  </h2>
  <p>
    1
     - 
    0
  </p>
</div>
`;
